Component: Arm Compiler for Embedded 6.21 Tool: armlink [5ec1fa00]

==============================================================================

Section Cross References

    code_def.o(.ARM.exidx.text.Setvgaen) refers to code_def.o(.text.Setvgaen) for [Anonymous Symbol]
    code_def.o(.ARM.exidx.text.Set_sdcard_addr) refers to code_def.o(.text.Set_sdcard_addr) for [Anonymous Symbol]
    code_def.o(.ARM.exidx.text.Set_sdcard_reset) refers to code_def.o(.text.Set_sdcard_reset) for [Anonymous Symbol]
    code_def.o(.ARM.exidx.text.Set_isp_bypass) refers to code_def.o(.text.Set_isp_bypass) for [Anonymous Symbol]
    code_def.o(.ARM.exidx.text.Set_gpio_led) refers to code_def.o(.text.Set_gpio_led) for [Anonymous Symbol]
    code_def.o(.ARM.exidx.text.ReadUARTState) refers to code_def.o(.text.ReadUARTState) for [Anonymous Symbol]
    code_def.o(.ARM.exidx.text.ReadUART) refers to code_def.o(.text.ReadUART) for [Anonymous Symbol]
    code_def.o(.ARM.exidx.text.WriteUART) refers to code_def.o(.text.WriteUART) for [Anonymous Symbol]
    code_def.o(.text.UARTString) refers to strlen.o(.text) for strlen
    code_def.o(.ARM.exidx.text.UARTString) refers to code_def.o(.text.UARTString) for [Anonymous Symbol]
    code_def.o(.ARM.exidx.text.SetAwbParam) refers to code_def.o(.text.SetAwbParam) for [Anonymous Symbol]
    main.o(.text.main) refers to code_def.o(.text.Setvgaen) for Setvgaen
    main.o(.ARM.exidx.text.main) refers to main.o(.text.main) for [Anonymous Symbol]
    startup_cmsdk_cm0.o(RESET) refers to startup_cmsdk_cm0.o(STACK) for __initial_sp
    startup_cmsdk_cm0.o(RESET) refers to startup_cmsdk_cm0.o(.text) for Reset_Handler
    startup_cmsdk_cm0.o(.text) refers to keyboard.o(.text.UARTHandle) for UARTHandle
    startup_cmsdk_cm0.o(.text) refers to keyboard.o(.text.KEY0) for KEY0
    startup_cmsdk_cm0.o(.text) refers to keyboard.o(.text.KEY1) for KEY1
    startup_cmsdk_cm0.o(.text) refers to keyboard.o(.text.KEY2) for KEY2
    startup_cmsdk_cm0.o(.text) refers to keyboard.o(.text.KEY3) for KEY3
    startup_cmsdk_cm0.o(.text) refers to entry.o(.ARM.Collect$$$$00000000) for __main
    keyboard.o(.text.KEY0) refers to code_def.o(.text.Set_gpio_led) for Set_gpio_led
    keyboard.o(.text.KEY0) refers to code_def.o(.text.SetAwbParam) for SetAwbParam
    keyboard.o(.text.KEY0) refers to code_def.o(.text.Set_sdcard_addr) for Set_sdcard_addr
    keyboard.o(.text.KEY0) refers to code_def.o(.text.Set_sdcard_reset) for Set_sdcard_reset
    keyboard.o(.text.KEY0) refers to code_def.o(.text.Set_isp_bypass) for Set_isp_bypass
    keyboard.o(.text.KEY0) refers to code_def.o(.text.WriteUART) for WriteUART
    keyboard.o(.ARM.exidx.text.KEY0) refers to keyboard.o(.text.KEY0) for [Anonymous Symbol]
    keyboard.o(.text.KEY1) refers to code_def.o(.text.Set_gpio_led) for Set_gpio_led
    keyboard.o(.text.KEY1) refers to code_def.o(.text.SetAwbParam) for SetAwbParam
    keyboard.o(.text.KEY1) refers to code_def.o(.text.Set_sdcard_addr) for Set_sdcard_addr
    keyboard.o(.text.KEY1) refers to code_def.o(.text.Set_sdcard_reset) for Set_sdcard_reset
    keyboard.o(.text.KEY1) refers to code_def.o(.text.Set_isp_bypass) for Set_isp_bypass
    keyboard.o(.text.KEY1) refers to code_def.o(.text.WriteUART) for WriteUART
    keyboard.o(.ARM.exidx.text.KEY1) refers to keyboard.o(.text.KEY1) for [Anonymous Symbol]
    keyboard.o(.text.KEY2) refers to code_def.o(.text.Set_gpio_led) for Set_gpio_led
    keyboard.o(.text.KEY2) refers to code_def.o(.text.Set_sdcard_addr) for Set_sdcard_addr
    keyboard.o(.text.KEY2) refers to code_def.o(.text.Set_sdcard_reset) for Set_sdcard_reset
    keyboard.o(.text.KEY2) refers to code_def.o(.text.Set_isp_bypass) for Set_isp_bypass
    keyboard.o(.text.KEY2) refers to code_def.o(.text.WriteUART) for WriteUART
    keyboard.o(.ARM.exidx.text.KEY2) refers to keyboard.o(.text.KEY2) for [Anonymous Symbol]
    keyboard.o(.text.KEY3) refers to code_def.o(.text.Set_gpio_led) for Set_gpio_led
    keyboard.o(.text.KEY3) refers to code_def.o(.text.Set_sdcard_addr) for Set_sdcard_addr
    keyboard.o(.text.KEY3) refers to code_def.o(.text.Set_sdcard_reset) for Set_sdcard_reset
    keyboard.o(.text.KEY3) refers to code_def.o(.text.Set_isp_bypass) for Set_isp_bypass
    keyboard.o(.text.KEY3) refers to code_def.o(.text.WriteUART) for WriteUART
    keyboard.o(.ARM.exidx.text.KEY3) refers to keyboard.o(.text.KEY3) for [Anonymous Symbol]
    keyboard.o(.text.UARTHandle) refers to code_def.o(.text.ReadUART) for ReadUART
    keyboard.o(.text.UARTHandle) refers to code_def.o(.text.Set_gpio_led) for Set_gpio_led
    keyboard.o(.text.UARTHandle) refers to code_def.o(.text.Set_sdcard_addr) for Set_sdcard_addr
    keyboard.o(.text.UARTHandle) refers to code_def.o(.text.Set_sdcard_reset) for Set_sdcard_reset
    keyboard.o(.text.UARTHandle) refers to code_def.o(.text.Set_isp_bypass) for Set_isp_bypass
    keyboard.o(.text.UARTHandle) refers to code_def.o(.text.WriteUART) for WriteUART
    keyboard.o(.text.UARTHandle) refers to keyboard.o(.rodata.cst16) for [Anonymous Symbol]
    keyboard.o(.ARM.exidx.text.UARTHandle) refers to keyboard.o(.text.UARTHandle) for [Anonymous Symbol]
    entry.o(.ARM.Collect$$$$00000000) refers (Special) to entry10a.o(.ARM.Collect$$$$0000000D) for __rt_final_cpp
    entry.o(.ARM.Collect$$$$00000000) refers (Special) to entry11a.o(.ARM.Collect$$$$0000000F) for __rt_final_exit
    entry.o(.ARM.Collect$$$$00000000) refers (Special) to entry7b.o(.ARM.Collect$$$$00000008) for _main_clock
    entry.o(.ARM.Collect$$$$00000000) refers (Special) to entry8b.o(.ARM.Collect$$$$0000000A) for _main_cpp_init
    entry.o(.ARM.Collect$$$$00000000) refers (Special) to entry9a.o(.ARM.Collect$$$$0000000B) for _main_init
    entry.o(.ARM.Collect$$$$00000000) refers (Special) to entry5.o(.ARM.Collect$$$$00000004) for _main_scatterload
    entry.o(.ARM.Collect$$$$00000000) refers (Special) to entry2.o(.ARM.Collect$$$$00000001) for _main_stk
    entry2.o(.ARM.Collect$$$$00000001) refers to entry2.o(.ARM.Collect$$$$00002712) for __lit__00000000
    entry2.o(.ARM.Collect$$$$00002712) refers to startup_cmsdk_cm0.o(STACK) for __initial_sp
    entry2.o(__vectab_stack_and_reset_area) refers to startup_cmsdk_cm0.o(STACK) for __initial_sp
    entry2.o(__vectab_stack_and_reset_area) refers to entry.o(.ARM.Collect$$$$00000000) for __main
    entry5.o(.ARM.Collect$$$$00000004) refers to init.o(.text) for __scatterload
    entry9a.o(.ARM.Collect$$$$0000000B) refers to main.o(.text.main) for main
    entry9b.o(.ARM.Collect$$$$0000000C) refers to main.o(.text.main) for main
    init.o(.text) refers to entry5.o(.ARM.Collect$$$$00000004) for __main_after_scatterload


==============================================================================

Removing Unused input sections from the image.

    Removing code_def.o(.text), (0 bytes).
    Removing code_def.o(.ARM.exidx.text.Setvgaen), (8 bytes).
    Removing code_def.o(.ARM.exidx.text.Set_sdcard_addr), (8 bytes).
    Removing code_def.o(.ARM.exidx.text.Set_sdcard_reset), (8 bytes).
    Removing code_def.o(.ARM.exidx.text.Set_isp_bypass), (8 bytes).
    Removing code_def.o(.ARM.exidx.text.Set_gpio_led), (8 bytes).
    Removing code_def.o(.text.ReadUARTState), (12 bytes).
    Removing code_def.o(.ARM.exidx.text.ReadUARTState), (8 bytes).
    Removing code_def.o(.ARM.exidx.text.ReadUART), (8 bytes).
    Removing code_def.o(.ARM.exidx.text.WriteUART), (8 bytes).
    Removing code_def.o(.text.UARTString), (44 bytes).
    Removing code_def.o(.ARM.exidx.text.UARTString), (8 bytes).
    Removing code_def.o(.ARM.exidx.text.SetAwbParam), (8 bytes).
    Removing main.o(.text), (0 bytes).
    Removing main.o(.ARM.exidx.text.main), (8 bytes).
    Removing main.o(.ARM.use_no_argv), (4 bytes).
    Removing startup_cmsdk_cm0.o(HEAP), (1024 bytes).
    Removing keyboard.o(.text), (0 bytes).
    Removing keyboard.o(.ARM.exidx.text.KEY0), (8 bytes).
    Removing keyboard.o(.ARM.exidx.text.KEY1), (8 bytes).
    Removing keyboard.o(.ARM.exidx.text.KEY2), (8 bytes).
    Removing keyboard.o(.ARM.exidx.text.KEY3), (8 bytes).
    Removing keyboard.o(.ARM.exidx.text.UARTHandle), (8 bytes).

23 unused section(s) (total 1212 bytes) removed from the image.

==============================================================================

Image Symbol Table

    Local Symbols

    Symbol Name                              Value     Ov Type        Size  Object(Section)

    ../clib/microlib/init/entry.s            0x00000000   Number         0  entry.o ABSOLUTE
    ../clib/microlib/init/entry.s            0x00000000   Number         0  entry2.o ABSOLUTE
    ../clib/microlib/init/entry.s            0x00000000   Number         0  entry5.o ABSOLUTE
    ../clib/microlib/init/entry.s            0x00000000   Number         0  entry7a.o ABSOLUTE
    ../clib/microlib/init/entry.s            0x00000000   Number         0  entry7b.o ABSOLUTE
    ../clib/microlib/init/entry.s            0x00000000   Number         0  entry8a.o ABSOLUTE
    ../clib/microlib/init/entry.s            0x00000000   Number         0  entry8b.o ABSOLUTE
    ../clib/microlib/init/entry.s            0x00000000   Number         0  entry9a.o ABSOLUTE
    ../clib/microlib/init/entry.s            0x00000000   Number         0  entry9b.o ABSOLUTE
    ../clib/microlib/init/entry.s            0x00000000   Number         0  entry10a.o ABSOLUTE
    ../clib/microlib/init/entry.s            0x00000000   Number         0  entry10b.o ABSOLUTE
    ../clib/microlib/init/entry.s            0x00000000   Number         0  entry11a.o ABSOLUTE
    ../clib/microlib/init/entry.s            0x00000000   Number         0  entry11b.o ABSOLUTE
    ../clib/microlib/string/strlen.c         0x00000000   Number         0  strlen.o ABSOLUTE
    ../keil_src/startup_CMSDK_CM0.s          0x00000000   Number         0  startup_cmsdk_cm0.o ABSOLUTE
    code_def.c                               0x00000000   Number         0  code_def.o ABSOLUTE
    dc.s                                     0x00000000   Number         0  dc.o ABSOLUTE
    handlers.s                               0x00000000   Number         0  handlers.o ABSOLUTE
    init.s                                   0x00000000   Number         0  init.o ABSOLUTE
    keyboard.c                               0x00000000   Number         0  keyboard.o ABSOLUTE
    main.c                                   0x00000000   Number         0  main.o ABSOLUTE
    RESET                                    0x00000000   Section       84  startup_cmsdk_cm0.o(RESET)
    .ARM.Collect$$$$00000000                 0x00000054   Section        0  entry.o(.ARM.Collect$$$$00000000)
    .ARM.Collect$$$$00000001                 0x00000054   Section        4  entry2.o(.ARM.Collect$$$$00000001)
    .ARM.Collect$$$$00000004                 0x00000058   Section        4  entry5.o(.ARM.Collect$$$$00000004)
    .ARM.Collect$$$$00000008                 0x0000005c   Section        0  entry7b.o(.ARM.Collect$$$$00000008)
    .ARM.Collect$$$$0000000A                 0x0000005c   Section        0  entry8b.o(.ARM.Collect$$$$0000000A)
    .ARM.Collect$$$$0000000B                 0x0000005c   Section        8  entry9a.o(.ARM.Collect$$$$0000000B)
    __lit__00000000                          0x00000064   Data           4  entry2.o(.ARM.Collect$$$$00002712)
    .ARM.Collect$$$$0000000D                 0x00000064   Section        0  entry10a.o(.ARM.Collect$$$$0000000D)
    .ARM.Collect$$$$0000000F                 0x00000064   Section        0  entry11a.o(.ARM.Collect$$$$0000000F)
    .ARM.Collect$$$$00002712                 0x00000064   Section        4  entry2.o(.ARM.Collect$$$$00002712)
    .text                                    0x00000068   Section       52  startup_cmsdk_cm0.o(.text)
    .text                                    0x0000009c   Section       48  init.o(.text)
    [Anonymous Symbol]                       0x000000cc   Section        0  keyboard.o(.text.KEY0)
    [Anonymous Symbol]                       0x00000104   Section        0  keyboard.o(.text.KEY1)
    [Anonymous Symbol]                       0x00000140   Section        0  keyboard.o(.text.KEY2)
    __arm_cp.2_0                             0x00000170   Number         4  keyboard.o(.text.KEY2)
    [Anonymous Symbol]                       0x00000174   Section        0  keyboard.o(.text.KEY3)
    __arm_cp.3_0                             0x000001a4   Number         4  keyboard.o(.text.KEY3)
    [Anonymous Symbol]                       0x000001a8   Section        0  code_def.o(.text.ReadUART)
    __arm_cp.6_0                             0x000001b0   Number         4  code_def.o(.text.ReadUART)
    [Anonymous Symbol]                       0x000001b4   Section        0  code_def.o(.text.SetAwbParam)
    __arm_cp.9_0                             0x000001c4   Number         4  code_def.o(.text.SetAwbParam)
    __arm_cp.9_1                             0x000001c8   Number         4  code_def.o(.text.SetAwbParam)
    __arm_cp.9_2                             0x000001cc   Number         4  code_def.o(.text.SetAwbParam)
    [Anonymous Symbol]                       0x000001d0   Section        0  code_def.o(.text.Set_gpio_led)
    __arm_cp.4_0                             0x000001d8   Number         4  code_def.o(.text.Set_gpio_led)
    [Anonymous Symbol]                       0x000001dc   Section        0  code_def.o(.text.Set_isp_bypass)
    __arm_cp.3_0                             0x000001f0   Number         4  code_def.o(.text.Set_isp_bypass)
    __arm_cp.3_1                             0x000001f4   Number         4  code_def.o(.text.Set_isp_bypass)
    [Anonymous Symbol]                       0x000001f8   Section        0  code_def.o(.text.Set_sdcard_addr)
    __arm_cp.1_0                             0x00000200   Number         4  code_def.o(.text.Set_sdcard_addr)
    [Anonymous Symbol]                       0x00000204   Section        0  code_def.o(.text.Set_sdcard_reset)
    __arm_cp.2_0                             0x0000020c   Number         4  code_def.o(.text.Set_sdcard_reset)
    [Anonymous Symbol]                       0x00000210   Section        0  code_def.o(.text.Setvgaen)
    [Anonymous Symbol]                       0x00000218   Section        0  keyboard.o(.text.UARTHandle)
    __arm_cp.4_1                             0x0000026c   Number         4  keyboard.o(.text.UARTHandle)
    [Anonymous Symbol]                       0x00000280   Section        0  code_def.o(.text.WriteUART)
    __arm_cp.7_0                             0x0000028c   Number         4  code_def.o(.text.WriteUART)
    [Anonymous Symbol]                       0x00000290   Section        0  main.o(.text.main)
    __arm_cp.0_0                             0x000002a0   Number         4  main.o(.text.main)
    i.__scatterload_copy                     0x000002a4   Section       14  handlers.o(i.__scatterload_copy)
    i.__scatterload_null                     0x000002b2   Section        2  handlers.o(i.__scatterload_null)
    i.__scatterload_zeroinit                 0x000002b4   Section       14  handlers.o(i.__scatterload_zeroinit)
    [Anonymous Symbol]                       0x000002c4   Section        0  keyboard.o(.rodata.cst16)
    STACK                                    0x20000000   Section     1024  startup_cmsdk_cm0.o(STACK)

    Global Symbols

    Symbol Name                              Value     Ov Type        Size  Object(Section)

    BuildAttributes$$THM_ISAv3M$S$PE$A:L22$X:L11$S22$IEEE1$IW$~IW$USESV6$~STKCKD$USESV7$~SHL$OTIME$EBA8$MICROLIB$REQ8$PRES8$EABIv2 0x00000000   Number         0  anon$$obj.o ABSOLUTE
    __Vectors                                0x00000000   Data           4  startup_cmsdk_cm0.o(RESET)
    __cpp_initialize__aeabi_                  - Undefined Weak Reference
    __cxa_finalize                            - Undefined Weak Reference
    __decompress                              - Undefined Weak Reference
    _clock_init                               - Undefined Weak Reference
    _microlib_exit                            - Undefined Weak Reference
    __main                                   0x00000055   Thumb Code     0  entry.o(.ARM.Collect$$$$00000000)
    _main_stk                                0x00000055   Thumb Code     0  entry2.o(.ARM.Collect$$$$00000001)
    _main_scatterload                        0x00000059   Thumb Code     0  entry5.o(.ARM.Collect$$$$00000004)
    __main_after_scatterload                 0x0000005d   Thumb Code     0  entry5.o(.ARM.Collect$$$$00000004)
    _main_clock                              0x0000005d   Thumb Code     0  entry7b.o(.ARM.Collect$$$$00000008)
    _main_cpp_init                           0x0000005d   Thumb Code     0  entry8b.o(.ARM.Collect$$$$0000000A)
    _main_init                               0x0000005d   Thumb Code     0  entry9a.o(.ARM.Collect$$$$0000000B)
    __rt_final_cpp                           0x00000065   Thumb Code     0  entry10a.o(.ARM.Collect$$$$0000000D)
    __rt_final_exit                          0x00000065   Thumb Code     0  entry11a.o(.ARM.Collect$$$$0000000F)
    Reset_Handler                            0x00000069   Thumb Code     8  startup_cmsdk_cm0.o(.text)
    UART_Handler                             0x00000071   Thumb Code     8  startup_cmsdk_cm0.o(.text)
    KEY0_Handler                             0x00000079   Thumb Code     8  startup_cmsdk_cm0.o(.text)
    KEY1_Handler                             0x00000081   Thumb Code     8  startup_cmsdk_cm0.o(.text)
    KEY2_Handler                             0x00000089   Thumb Code     8  startup_cmsdk_cm0.o(.text)
    KEY3_Handler                             0x00000091   Thumb Code     8  startup_cmsdk_cm0.o(.text)
    __scatterload                            0x0000009d   Thumb Code    38  init.o(.text)
    __scatterload_rt2                        0x0000009d   Thumb Code     0  init.o(.text)
    KEY0                                     0x000000cd   Thumb Code    56  keyboard.o(.text.KEY0)
    KEY1                                     0x00000105   Thumb Code    60  keyboard.o(.text.KEY1)
    KEY2                                     0x00000141   Thumb Code    48  keyboard.o(.text.KEY2)
    KEY3                                     0x00000175   Thumb Code    48  keyboard.o(.text.KEY3)
    ReadUART                                 0x000001a9   Thumb Code     8  code_def.o(.text.ReadUART)
    SetAwbParam                              0x000001b5   Thumb Code    16  code_def.o(.text.SetAwbParam)
    Set_gpio_led                             0x000001d1   Thumb Code     8  code_def.o(.text.Set_gpio_led)
    Set_isp_bypass                           0x000001dd   Thumb Code    20  code_def.o(.text.Set_isp_bypass)
    Set_sdcard_addr                          0x000001f9   Thumb Code     8  code_def.o(.text.Set_sdcard_addr)
    Set_sdcard_reset                         0x00000205   Thumb Code     8  code_def.o(.text.Set_sdcard_reset)
    Setvgaen                                 0x00000211   Thumb Code     8  code_def.o(.text.Setvgaen)
    UARTHandle                               0x00000219   Thumb Code    68  keyboard.o(.text.UARTHandle)
    WriteUART                                0x00000281   Thumb Code    12  code_def.o(.text.WriteUART)
    main                                     0x00000291   Thumb Code    16  main.o(.text.main)
    __scatterload_copy                       0x000002a5   Thumb Code    14  handlers.o(i.__scatterload_copy)
    __scatterload_null                       0x000002b3   Thumb Code     2  handlers.o(i.__scatterload_null)
    __scatterload_zeroinit                   0x000002b5   Thumb Code    14  handlers.o(i.__scatterload_zeroinit)
    Region$$Table$$Base                      0x000002d4   Number         0  anon$$obj.o(Region$$Table)
    Region$$Table$$Limit                     0x000002e4   Number         0  anon$$obj.o(Region$$Table)
    __initial_sp                             0x20000400   Data           0  startup_cmsdk_cm0.o(STACK)



==============================================================================

Memory Map of the image

  Image entry point : Not specified.

  Load Region LR_IROM1 (Base: 0x00000000, Size: 0x000002e4, Max: 0x00010000, ABSOLUTE)

    Execution Region ER_IROM1 (Exec base: 0x00000000, Load base: 0x00000000, Size: 0x000002e4, Max: 0x00010000, ABSOLUTE)

    Exec Addr    Load Addr    Size         Type   Attr      Idx    E Section Name        Object

    0x00000000   0x00000000   0x00000054   Data   RO           40    RESET               startup_cmsdk_cm0.o
    0x00000054   0x00000054   0x00000000   Code   RO           66  * .ARM.Collect$$$$00000000  mc_p.l(entry.o)
    0x00000054   0x00000054   0x00000004   Code   RO           71    .ARM.Collect$$$$00000001  mc_p.l(entry2.o)
    0x00000058   0x00000058   0x00000004   Code   RO           74    .ARM.Collect$$$$00000004  mc_p.l(entry5.o)
    0x0000005c   0x0000005c   0x00000000   Code   RO           76    .ARM.Collect$$$$00000008  mc_p.l(entry7b.o)
    0x0000005c   0x0000005c   0x00000000   Code   RO           78    .ARM.Collect$$$$0000000A  mc_p.l(entry8b.o)
    0x0000005c   0x0000005c   0x00000008   Code   RO           79    .ARM.Collect$$$$0000000B  mc_p.l(entry9a.o)
    0x00000064   0x00000064   0x00000000   Code   RO           81    .ARM.Collect$$$$0000000D  mc_p.l(entry10a.o)
    0x00000064   0x00000064   0x00000000   Code   RO           83    .ARM.Collect$$$$0000000F  mc_p.l(entry11a.o)
    0x00000064   0x00000064   0x00000004   Code   RO           72    .ARM.Collect$$$$00002712  mc_p.l(entry2.o)
    0x00000068   0x00000068   0x00000034   Code   RO           41  * .text               startup_cmsdk_cm0.o
    0x0000009c   0x0000009c   0x00000030   Code   RO           85    .text               mc_p.l(init.o)
    0x000000cc   0x000000cc   0x00000038   Code   RO           48    .text.KEY0          keyboard.o
    0x00000104   0x00000104   0x0000003c   Code   RO           50    .text.KEY1          keyboard.o
    0x00000140   0x00000140   0x00000034   Code   RO           52    .text.KEY2          keyboard.o
    0x00000174   0x00000174   0x00000034   Code   RO           54    .text.KEY3          keyboard.o
    0x000001a8   0x000001a8   0x0000000c   Code   RO           14    .text.ReadUART      code_def.o
    0x000001b4   0x000001b4   0x0000001c   Code   RO           20    .text.SetAwbParam   code_def.o
    0x000001d0   0x000001d0   0x0000000c   Code   RO           10    .text.Set_gpio_led  code_def.o
    0x000001dc   0x000001dc   0x0000001c   Code   RO            8    .text.Set_isp_bypass  code_def.o
    0x000001f8   0x000001f8   0x0000000c   Code   RO            4    .text.Set_sdcard_addr  code_def.o
    0x00000204   0x00000204   0x0000000c   Code   RO            6    .text.Set_sdcard_reset  code_def.o
    0x00000210   0x00000210   0x00000008   Code   RO            2    .text.Setvgaen      code_def.o
    0x00000218   0x00000218   0x00000068   Code   RO           56    .text.UARTHandle    keyboard.o
    0x00000280   0x00000280   0x00000010   Code   RO           16    .text.WriteUART     code_def.o
    0x00000290   0x00000290   0x00000014   Code   RO           30    .text.main          main.o
    0x000002a4   0x000002a4   0x0000000e   Code   RO           89    i.__scatterload_copy  mc_p.l(handlers.o)
    0x000002b2   0x000002b2   0x00000002   Code   RO           90    i.__scatterload_null  mc_p.l(handlers.o)
    0x000002b4   0x000002b4   0x0000000e   Code   RO           91    i.__scatterload_zeroinit  mc_p.l(handlers.o)
    0x000002c2   0x000002c2   0x00000002   PAD
    0x000002c4   0x000002c4   0x00000010   Data   RO           58    .rodata.cst16       keyboard.o
    0x000002d4   0x000002d4   0x00000010   Data   RO           88    Region$$Table       anon$$obj.o


    Execution Region RW_IRAM1 (Exec base: 0x20000000, Load base: 0x000002e4, Size: 0x00000400, Max: 0x00010000, ABSOLUTE)

    Exec Addr    Load Addr    Size         Type   Attr      Idx    E Section Name        Object

    0x20000000        -       0x00000400   Zero   RW           38    STACK               startup_cmsdk_cm0.o


==============================================================================

Image component sizes


      Code (inc. data)   RO Data    RW Data    ZI Data      Debug   Object Name

       128         40          0          0          0       2672   code_def.o
       324         44         16          0          0        997   keyboard.o
        20          4          0          0          0        412   main.o
        52          4         84          0       1024        588   startup_cmsdk_cm0.o

    ----------------------------------------------------------------------
       524         92        116          0       1024       4669   Object Totals
         0          0         16          0          0          0   (incl. Generated)
         0          0          0          0          0          0   (incl. Padding)

    ----------------------------------------------------------------------

      Code (inc. data)   RO Data    RW Data    ZI Data      Debug   Library Member Name

         0          0          0          0          0          0   entry.o
         0          0          0          0          0          0   entry10a.o
         0          0          0          0          0          0   entry11a.o
         8          4          0          0          0          0   entry2.o
         4          0          0          0          0          0   entry5.o
         0          0          0          0          0          0   entry7b.o
         0          0          0          0          0          0   entry8b.o
         8          4          0          0          0          0   entry9a.o
        30          0          0          0          0          0   handlers.o
        48         10          0          0          0         68   init.o

    ----------------------------------------------------------------------
       100         18          0          0          0         68   Library Totals
         2          0          0          0          0          0   (incl. Padding)

    ----------------------------------------------------------------------

      Code (inc. data)   RO Data    RW Data    ZI Data      Debug   Library Name

        98         18          0          0          0         68   mc_p.l

    ----------------------------------------------------------------------
       100         18          0          0          0         68   Library Totals

    ----------------------------------------------------------------------

==============================================================================


      Code (inc. data)   RO Data    RW Data    ZI Data      Debug   

       624        110        116          0       1024       4849   Grand Totals
       624        110        116          0       1024       4849   ELF Image Totals
       624        110        116          0          0          0   ROM Totals

==============================================================================

    Total RO  Size (Code + RO Data)                  740 (   0.72kB)
    Total RW  Size (RW Data + ZI Data)              1024 (   1.00kB)
    Total ROM Size (Code + RO Data + RW Data)        740 (   0.72kB)

==============================================================================

