<html>
<body>
<pre>
<h1>µVision Build Log</h1>
<h2>Tool Versions:</h2>
IDE-Version: ¦ÌVision V5.39.0.0
Copyright (C) 2023 ARM Ltd and ARM Germany GmbH. All rights reserved.
License Information: WEN W1030535969@outlook.com, UCAS, LIC=----
 
Tool Versions:
Toolchain:       MDK-Lite  Version: 5.39.0.0
Toolchain Path:  D:\eg4s20\Keil_v5\ARM\ARMCLANG\Bin
C Compiler:      ArmClang.exe V6.21
Assembler:       Armasm.exe V6.21
Linker/Locator:  ArmLink.exe V6.21
Library Manager: ArmAr.exe V6.21
Hex Converter:   FromElf.exe V6.21
CPU DLL:         SARMCM3.DLL V5.39.0.0
Dialog DLL:      DARMCM1.DLL V1.19.6.0
Target DLL:      CMSIS_AGDI.dll V1.33.16.0
Dialog DLL:      TARMCM1.DLL V1.14.6.0
 
<h2>Project:</h2>
C:\Users\W1030\Desktop\m0\m0\keil\keil\code.uvprojx
Project File Date:  05/14/2024

<h2>Output:</h2>
*** Using Compiler 'V6.21', folder: 'D:\eg4s20\Keil_v5\ARM\ARMCLANG\Bin'
Rebuild target 'Target 1'
assembling startup_CMSDK_CM0.s...
compiling main.c...
compiling keyboard.c...
compiling code_def.c...
linking...
.\code.axf: Warning: L6305W: Image does not have an entry point. (Not specified or not set due to multiple choices.)
Program Size: Code=624 RO-data=116 RW-data=0 ZI-data=1024  
Finished: 0 information, 1 warning and 0 error messages.
After Build - User command #1: fromelf -cvf .\code.axf --vhx --32x1 -o code.hex
After Build - User command #2: fromelf -cvf .\code.axf -o code.txt
".\code.axf" - 0 Error(s), 1 Warning(s).

<h2>Software Packages used:</h2>

Package Vendor: Keil
                https://www.keil.com/pack/Keil.V2M-MPS2_CMx_BSP.1.8.2.pack
                Keil::V2M-MPS2_CMx_BSP@1.8.2
                ARM V2M-MPS2 Board Support PACK for Cortex-M System Design Kit Devices

<h2>Collection of Component include folders:</h2>
  D:/eg4s20/Keil_v5/ARM/PACK/Keil/V2M-MPS2_CMx_BSP/1.8.2/Device/CMSDK_CM0/Include

<h2>Collection of Component Files used:</h2>
Build Time Elapsed:  00:00:01
</pre>
</body>
</html>
